// Jest Snapshot v1, https://goo.gl/fbAQLP

exports[` 1`] = `
<div
  class="carousel"
>
  <div
    class="carousel-inner"
  >
    <div
      class="carousel-item active"
    >
      <img
        class="d-block w-100"
        src="/Lessons/09. Frameworks 101. Vue.js/Homework/Task 2. Carousel Vue/assets/carousel-1.jpg"
      />
    </div>
    <div
      class="carousel-item"
    >
      <img
        class="d-block w-100"
        src="/Lessons/09. Frameworks 101. Vue.js/Homework/Task 2. Carousel Vue/assets/carousel-2.jpg"
      />
    </div>
    <div
      class="carousel-item"
    >
      <img
        class="d-block w-100"
        src="/Lessons/09. Frameworks 101. Vue.js/Homework/Task 2. Carousel Vue/assets/carousel-3.jpg"
      />
    </div>
  </div>
   
  <button
    class="carousel-control-prev"
  >
    <span
      class="carousel-control-prev-icon"
    />
  </button>
   
  <button
    class="carousel-control-next"
  >
    <span
      class="carousel-control-next-icon"
    />
  </button>
</div>
`;

exports[`10.h.2 Carousel 10.h.2.3 next button click 1`] = `
<div
  class="carousel"
>
  <div
    class="carousel-inner"
  >
    <div
      class="carousel-item"
    >
      <img
        class="d-block w-100"
        src="/Lessons/09. Frameworks 101. Vue.js/Homework/Task 2. Carousel Vue/assets/carousel-1.jpg"
      />
    </div>
    <div
      class="carousel-item active"
    >
      <img
        class="d-block w-100"
        src="/Lessons/09. Frameworks 101. Vue.js/Homework/Task 2. Carousel Vue/assets/carousel-2.jpg"
      />
    </div>
    <div
      class="carousel-item"
    >
      <img
        class="d-block w-100"
        src="/Lessons/09. Frameworks 101. Vue.js/Homework/Task 2. Carousel Vue/assets/carousel-3.jpg"
      />
    </div>
  </div>
   
  <button
    class="carousel-control-prev"
  >
    <span
      class="carousel-control-prev-icon"
    />
  </button>
   
  <button
    class="carousel-control-next"
  >
    <span
      class="carousel-control-next-icon"
    />
  </button>
</div>
`;

exports[`10.h.2 Carousel 10.h.2.4 next button one more click 1`] = `
<div
  class="carousel"
>
  <div
    class="carousel-inner"
  >
    <div
      class="carousel-item"
    >
      <img
        class="d-block w-100"
        src="/Lessons/09. Frameworks 101. Vue.js/Homework/Task 2. Carousel Vue/assets/carousel-1.jpg"
      />
    </div>
    <div
      class="carousel-item"
    >
      <img
        class="d-block w-100"
        src="/Lessons/09. Frameworks 101. Vue.js/Homework/Task 2. Carousel Vue/assets/carousel-2.jpg"
      />
    </div>
    <div
      class="carousel-item active"
    >
      <img
        class="d-block w-100"
        src="/Lessons/09. Frameworks 101. Vue.js/Homework/Task 2. Carousel Vue/assets/carousel-3.jpg"
      />
    </div>
  </div>
   
  <button
    class="carousel-control-prev"
  >
    <span
      class="carousel-control-prev-icon"
    />
  </button>
   
  <button
    class="carousel-control-next"
  >
    <span
      class="carousel-control-next-icon"
    />
  </button>
</div>
`;

exports[`10.h.2 Carousel 10.h.2.5 next button one more click 1`] = `
<div
  class="carousel"
>
  <div
    class="carousel-inner"
  >
    <div
      class="carousel-item active"
    >
      <img
        class="d-block w-100"
        src="/Lessons/09. Frameworks 101. Vue.js/Homework/Task 2. Carousel Vue/assets/carousel-1.jpg"
      />
    </div>
    <div
      class="carousel-item"
    >
      <img
        class="d-block w-100"
        src="/Lessons/09. Frameworks 101. Vue.js/Homework/Task 2. Carousel Vue/assets/carousel-2.jpg"
      />
    </div>
    <div
      class="carousel-item"
    >
      <img
        class="d-block w-100"
        src="/Lessons/09. Frameworks 101. Vue.js/Homework/Task 2. Carousel Vue/assets/carousel-3.jpg"
      />
    </div>
  </div>
   
  <button
    class="carousel-control-prev"
  >
    <span
      class="carousel-control-prev-icon"
    />
  </button>
   
  <button
    class="carousel-control-next"
  >
    <span
      class="carousel-control-next-icon"
    />
  </button>
</div>
`;

exports[`10.h.2 Carousel 10.h.2.6 prev button click 1`] = `
<div
  class="carousel"
>
  <div
    class="carousel-inner"
  >
    <div
      class="carousel-item"
    >
      <img
        class="d-block w-100"
        src="/Lessons/09. Frameworks 101. Vue.js/Homework/Task 2. Carousel Vue/assets/carousel-1.jpg"
      />
    </div>
    <div
      class="carousel-item"
    >
      <img
        class="d-block w-100"
        src="/Lessons/09. Frameworks 101. Vue.js/Homework/Task 2. Carousel Vue/assets/carousel-2.jpg"
      />
    </div>
    <div
      class="carousel-item active"
    >
      <img
        class="d-block w-100"
        src="/Lessons/09. Frameworks 101. Vue.js/Homework/Task 2. Carousel Vue/assets/carousel-3.jpg"
      />
    </div>
  </div>
   
  <button
    class="carousel-control-prev"
  >
    <span
      class="carousel-control-prev-icon"
    />
  </button>
   
  <button
    class="carousel-control-next"
  >
    <span
      class="carousel-control-next-icon"
    />
  </button>
</div>
`;

exports[`10.h.2 Carousel 10.h.2.7 prev button one more click 1`] = `
<div
  class="carousel"
>
  <div
    class="carousel-inner"
  >
    <div
      class="carousel-item"
    >
      <img
        class="d-block w-100"
        src="/Lessons/09. Frameworks 101. Vue.js/Homework/Task 2. Carousel Vue/assets/carousel-1.jpg"
      />
    </div>
    <div
      class="carousel-item active"
    >
      <img
        class="d-block w-100"
        src="/Lessons/09. Frameworks 101. Vue.js/Homework/Task 2. Carousel Vue/assets/carousel-2.jpg"
      />
    </div>
    <div
      class="carousel-item"
    >
      <img
        class="d-block w-100"
        src="/Lessons/09. Frameworks 101. Vue.js/Homework/Task 2. Carousel Vue/assets/carousel-3.jpg"
      />
    </div>
  </div>
   
  <button
    class="carousel-control-prev"
  >
    <span
      class="carousel-control-prev-icon"
    />
  </button>
   
  <button
    class="carousel-control-next"
  >
    <span
      class="carousel-control-next-icon"
    />
  </button>
</div>
`;

exports[`10.h.2 Carousel 10.h.2.8 next button click 1`] = `
<div
  class="carousel"
>
  <div
    class="carousel-inner"
  >
    <div
      class="carousel-item"
    >
      <img
        class="d-block w-100"
        src="/Lessons/09. Frameworks 101. Vue.js/Homework/Task 2. Carousel Vue/assets/carousel-1.jpg"
      />
    </div>
    <div
      class="carousel-item"
    >
      <img
        class="d-block w-100"
        src="/Lessons/09. Frameworks 101. Vue.js/Homework/Task 2. Carousel Vue/assets/carousel-2.jpg"
      />
    </div>
    <div
      class="carousel-item active"
    >
      <img
        class="d-block w-100"
        src="/Lessons/09. Frameworks 101. Vue.js/Homework/Task 2. Carousel Vue/assets/carousel-3.jpg"
      />
    </div>
  </div>
   
  <button
    class="carousel-control-prev"
  >
    <span
      class="carousel-control-prev-icon"
    />
  </button>
   
  <button
    class="carousel-control-next"
  >
    <span
      class="carousel-control-next-icon"
    />
  </button>
</div>
`;
